// Jest Snapshot v1, https://goo.gl/fbAQLP

exports[`should render ExpensesSummary component correctly 1`] = `
<div>
  <p>
    Viewing 
    3
     expenses totalling 
    $1,144.50
  </p>
</div>
`;
